ASIS-COPIES-FROM 42d25f398c1fa800746fb152e7051986c72c71ea
FIX-COPIES-FROM 316c22dd86e03c0e02a5a61bdde018ff066d0c1f
RUN-STARTED 21:54:04 mode=load copies=10 spinners=16
PRE vitest_suites=0 vitest_procs=1 dotnet_procs=0 load1=0.91 ratio1=0.06 load5=0.33 ratio5=0.02
SETTLED vitest_suites=0 vitest_procs=1 dotnet_procs=0 load1=16.97 ratio1=1.06 load5=6.09 ratio5=0.38

 RUN  v4.1.8 /mnt/c/code/ai-note-taker-slices/ti-61-routing-flake/web

 ✓ src/__tests__/_ti61load4.test.tsx > Routing ASIS4 > opening a note pushes a /notes/:id URL 2086ms
 ✓ src/__tests__/_ti61load8.test.tsx > Routing ASIS8 > opening a note pushes a /notes/:id URL 2130ms
 ✓ src/__tests__/_ti61load8.test.tsx > Routing ASIS8 > Back returns to the home screen 1631ms
 ✓ src/__tests__/_ti61load4.test.tsx > Routing ASIS4 > Back returns to the home screen 2141ms
 ✓ src/__tests__/_ti61load8.test.tsx > Routing ASIS8 > Forward reopens the note 1546ms
 ✓ src/__tests__/_ti61load8.test.tsx > Routing ASIS8 > deep-linking /notes/:id loads the note directly 112ms
 ✓ src/__tests__/_ti61load4.test.tsx > Routing ASIS4 > Forward reopens the note 1532ms
 ✓ src/__tests__/_ti61load4.test.tsx > Routing ASIS4 > deep-linking /notes/:id loads the note directly 125ms
 ✓ src/__tests__/_ti61load8.test.tsx > Routing ASIS8 > in-app Back from a cold deep-link falls back to home 741ms
 ✓ src/__tests__/_ti61load4.test.tsx > Routing ASIS4 > in-app Back from a cold deep-link falls back to home 641ms
 ✓ src/__tests__/_ti61load8.test.tsx > Routing ASIS8 > creating a note navigates to it and Back does not recreate it 734ms
 ✓ src/__tests__/_ti61load4.test.tsx > Routing ASIS4 > creating a note navigates to it and Back does not recreate it 1041ms
 ✓ src/__tests__/_ti61load5.test.tsx > Routing ASIS5 > opening a note pushes a /notes/:id URL 1293ms
 × src/__tests__/_ti61probe.test.tsx > TI-61 v3 arm=poll: waitFor on window.location.pathname after back 1509ms
   → TI61V3 arm=poll backWait=165
 ✓ src/__tests__/_ti61load5.test.tsx > Routing ASIS5 > Back returns to the home screen 2190ms
 × src/__tests__/_ti61probe.test.tsx > TI-61 v3 arm=mutation: findByTestId(home-view) after back, and is pathname already right 1900ms
   → TI61V3 arm=mutation backWait=199 pathAtSignal=/w/__default__ safe=true
 ✓ src/__tests__/_ti61load5.test.tsx > Routing ASIS5 > Forward reopens the note 1116ms
 ✓ src/__tests__/_ti61load5.test.tsx > Routing ASIS5 > deep-linking /notes/:id loads the note directly 217ms
 × src/__tests__/_ti61probe.test.tsx > TI-61 v3 arm=forward: findByTestId(note-title-input) after forward, and is pathname already right 1488ms
   → TI61V3 arm=forward fwdWait=308 pathAtSignal=/w/__default__/notes/note-1 safe=true
 ✓ src/__tests__/_ti61load5.test.tsx > Routing ASIS5 > in-app Back from a cold deep-link falls back to home 670ms
 ✓ src/__tests__/_ti61load5.test.tsx > Routing ASIS5 > creating a note navigates to it and Back does not recreate it 389ms
 ✓ src/__tests__/_ti61load3.test.tsx > Routing ASIS3 > opening a note pushes a /notes/:id URL 1348ms
 ✓ src/__tests__/_ti61load6.test.tsx > Routing ASIS6 > opening a note pushes a /notes/:id URL 1166ms
 ✓ src/__tests__/_ti61load3.test.tsx > Routing ASIS3 > Back returns to the home screen 1895ms
 ✓ src/__tests__/_ti61load6.test.tsx > Routing ASIS6 > Back returns to the home screen 1890ms
 ✓ src/__tests__/_ti61load3.test.tsx > Routing ASIS3 > Forward reopens the note 1270ms
 ✓ src/__tests__/_ti61load3.test.tsx > Routing ASIS3 > deep-linking /notes/:id loads the note directly 284ms
 ✓ src/__tests__/_ti61load6.test.tsx > Routing ASIS6 > Forward reopens the note 1402ms
 ✓ src/__tests__/_ti61load3.test.tsx > Routing ASIS3 > in-app Back from a cold deep-link falls back to home 917ms
 ✓ src/__tests__/_ti61load6.test.tsx > Routing ASIS6 > deep-linking /notes/:id loads the note directly 400ms
 ✓ src/__tests__/_ti61load3.test.tsx > Routing ASIS3 > creating a note navigates to it and Back does not recreate it 468ms
 ✓ src/__tests__/_ti61load6.test.tsx > Routing ASIS6 > in-app Back from a cold deep-link falls back to home 713ms
 ✓ src/__tests__/_ti61load6.test.tsx > Routing ASIS6 > creating a note navigates to it and Back does not recreate it 418ms
 ✓ src/__tests__/_ti61load7.test.tsx > Routing ASIS7 > opening a note pushes a /notes/:id URL 1148ms
 ✓ src/__tests__/_ti61fix1.test.tsx > Routing FIXED1 > opening a note pushes a /notes/:id URL 1220ms
 ✓ src/__tests__/_ti61load7.test.tsx > Routing ASIS7 > Back returns to the home screen 1544ms
 ✓ src/__tests__/_ti61load7.test.tsx > Routing ASIS7 > Forward reopens the note 1045ms
 ✓ src/__tests__/_ti61fix1.test.tsx > Routing FIXED1 > Back returns to the home screen 1761ms
 ✓ src/__tests__/_ti61load7.test.tsx > Routing ASIS7 > deep-linking /notes/:id loads the note directly 131ms
 ✓ src/__tests__/_ti61load7.test.tsx > Routing ASIS7 > in-app Back from a cold deep-link falls back to home 509ms
 ✓ src/__tests__/_ti61load7.test.tsx > Routing ASIS7 > creating a note navigates to it and Back does not recreate it 553ms
 ✓ src/__tests__/_ti61fix1.test.tsx > Routing FIXED1 > Forward reopens the note 1241ms
 ✓ src/__tests__/_ti61fix1.test.tsx > Routing FIXED1 > deep-linking /notes/:id loads the note directly 98ms
 ✓ src/__tests__/_ti61fix1.test.tsx > Routing FIXED1 > in-app Back from a cold deep-link falls back to home 575ms
 ✓ src/__tests__/_ti61fix1.test.tsx > Routing FIXED1 > creating a note navigates to it and Back does not recreate it 955ms
 ✓ src/__tests__/_ti61fix6.test.tsx > Routing FIXED6 > opening a note pushes a /notes/:id URL 1013ms
 ✓ src/__tests__/_ti61fix6.test.tsx > Routing FIXED6 > Back returns to the home screen 2499ms
 ✓ src/__tests__/_ti61fix7.test.tsx > Routing FIXED7 > opening a note pushes a /notes/:id URL 1336ms
 ✓ src/__tests__/_ti61fix6.test.tsx > Routing FIXED6 > Forward reopens the note 1254ms
 ✓ src/__tests__/_ti61fix6.test.tsx > Routing FIXED6 > deep-linking /notes/:id loads the note directly 117ms
 ✓ src/__tests__/_ti61fix6.test.tsx > Routing FIXED6 > in-app Back from a cold deep-link falls back to home 576ms
 ✓ src/__tests__/_ti61fix6.test.tsx > Routing FIXED6 > creating a note navigates to it and Back does not recreate it 992ms
 ✓ src/__tests__/_ti61fix7.test.tsx > Routing FIXED7 > Back returns to the home screen 1831ms
 ✓ src/__tests__/_ti61fix7.test.tsx > Routing FIXED7 > Forward reopens the note 1175ms
 ✓ src/__tests__/_ti61fix7.test.tsx > Routing FIXED7 > deep-linking /notes/:id loads the note directly 138ms
 ✓ src/__tests__/_ti61fix7.test.tsx > Routing FIXED7 > in-app Back from a cold deep-link falls back to home 560ms
 ✓ src/__tests__/_ti61fix7.test.tsx > Routing FIXED7 > creating a note navigates to it and Back does not recreate it 892ms
 ✓ src/__tests__/_ti61fix10.test.tsx > Routing FIXED10 > opening a note pushes a /notes/:id URL 1001ms
 ✓ src/__tests__/_ti61fix10.test.tsx > Routing FIXED10 > Back returns to the home screen 2029ms
 ✓ src/__tests__/_ti61fix10.test.tsx > Routing FIXED10 > Forward reopens the note 1007ms
 ✓ src/__tests__/_ti61fix10.test.tsx > Routing FIXED10 > deep-linking /notes/:id loads the note directly 199ms
 ✓ src/__tests__/_ti61fix10.test.tsx > Routing FIXED10 > in-app Back from a cold deep-link falls back to home 462ms
 ✓ src/__tests__/_ti61load1.test.tsx > Routing ASIS1 > opening a note pushes a /notes/:id URL 1083ms
 ✓ src/__tests__/_ti61fix10.test.tsx > Routing FIXED10 > creating a note navigates to it and Back does not recreate it 1101ms
 ✓ src/__tests__/_ti61load1.test.tsx > Routing ASIS1 > Back returns to the home screen 1952ms
 ✓ src/__tests__/_ti61load1.test.tsx > Routing ASIS1 > Forward reopens the note 751ms
 ✓ src/__tests__/_ti61load1.test.tsx > Routing ASIS1 > deep-linking /notes/:id loads the note directly 77ms
 ✓ src/__tests__/_ti61load1.test.tsx > Routing ASIS1 > in-app Back from a cold deep-link falls back to home 409ms
 ✓ src/__tests__/_ti61load1.test.tsx > Routing ASIS1 > creating a note navigates to it and Back does not recreate it 417ms
 ✓ src/__tests__/_ti61fix2.test.tsx > Routing FIXED2 > opening a note pushes a /notes/:id URL 923ms
 ✓ src/__tests__/_ti61fix2.test.tsx > Routing FIXED2 > Back returns to the home screen 1932ms
 ✓ src/__tests__/_ti61fix2.test.tsx > Routing FIXED2 > Forward reopens the note 1043ms
 ✓ src/__tests__/_ti61load10.test.tsx > Routing ASIS10 > opening a note pushes a /notes/:id URL 1267ms
 ✓ src/__tests__/_ti61fix2.test.tsx > Routing FIXED2 > deep-linking /notes/:id loads the note directly 157ms
 ✓ src/__tests__/_ti61fix2.test.tsx > Routing FIXED2 > in-app Back from a cold deep-link falls back to home 663ms
 ✓ src/__tests__/_ti61fix2.test.tsx > Routing FIXED2 > creating a note navigates to it and Back does not recreate it 803ms
 ✓ src/__tests__/_ti61load10.test.tsx > Routing ASIS10 > Back returns to the home screen 1619ms
 ✓ src/__tests__/_ti61load10.test.tsx > Routing ASIS10 > Forward reopens the note 1007ms
 ✓ src/__tests__/_ti61load10.test.tsx > Routing ASIS10 > deep-linking /notes/:id loads the note directly 155ms
 ✓ src/__tests__/_ti61load10.test.tsx > Routing ASIS10 > in-app Back from a cold deep-link falls back to home 733ms
 ✓ src/__tests__/_ti61load10.test.tsx > Routing ASIS10 > creating a note navigates to it and Back does not recreate it 431ms
 ✓ src/__tests__/_ti61fix9.test.tsx > Routing FIXED9 > opening a note pushes a /notes/:id URL 940ms
 ✓ src/__tests__/_ti61fix9.test.tsx > Routing FIXED9 > Back returns to the home screen 2017ms
 ✓ src/__tests__/_ti61fix9.test.tsx > Routing FIXED9 > Forward reopens the note 1204ms
 ✓ src/__tests__/_ti61fix8.test.tsx > Routing FIXED8 > opening a note pushes a /notes/:id URL 1130ms
 ✓ src/__tests__/_ti61fix9.test.tsx > Routing FIXED9 > deep-linking /notes/:id loads the note directly 175ms
 ✓ src/__tests__/_ti61fix9.test.tsx > Routing FIXED9 > in-app Back from a cold deep-link falls back to home 555ms
 ✓ src/__tests__/_ti61fix9.test.tsx > Routing FIXED9 > creating a note navigates to it and Back does not recreate it 698ms
 ✓ src/__tests__/_ti61fix8.test.tsx > Routing FIXED8 > Back returns to the home screen 1830ms
 ✓ src/__tests__/_ti61fix8.test.tsx > Routing FIXED8 > Forward reopens the note 976ms
 ✓ src/__tests__/_ti61fix8.test.tsx > Routing FIXED8 > deep-linking /notes/:id loads the note directly 75ms
 ✓ src/__tests__/_ti61fix8.test.tsx > Routing FIXED8 > in-app Back from a cold deep-link falls back to home 428ms
 ✓ src/__tests__/_ti61fix8.test.tsx > Routing FIXED8 > creating a note navigates to it and Back does not recreate it 480ms
 ✓ src/__tests__/_ti61fix3.test.tsx > Routing FIXED3 > opening a note pushes a /notes/:id URL 1550ms
 ✓ src/__tests__/_ti61fix3.test.tsx > Routing FIXED3 > Back returns to the home screen 2059ms
 ✓ src/__tests__/_ti61fix5.test.tsx > Routing FIXED5 > opening a note pushes a /notes/:id URL 1186ms
 ✓ src/__tests__/_ti61fix3.test.tsx > Routing FIXED3 > Forward reopens the note 1209ms
 ✓ src/__tests__/_ti61fix3.test.tsx > Routing FIXED3 > deep-linking /notes/:id loads the note directly 208ms
 ✓ src/__tests__/_ti61fix3.test.tsx > Routing FIXED3 > in-app Back from a cold deep-link falls back to home 609ms
 ✓ src/__tests__/_ti61fix5.test.tsx > Routing FIXED5 > Back returns to the home screen 1418ms
 ✓ src/__tests__/_ti61fix3.test.tsx > Routing FIXED3 > creating a note navigates to it and Back does not recreate it 820ms
 ✓ src/__tests__/_ti61fix5.test.tsx > Routing FIXED5 > Forward reopens the note 1005ms
 ✓ src/__tests__/_ti61fix5.test.tsx > Routing FIXED5 > deep-linking /notes/:id loads the note directly 94ms
 ✓ src/__tests__/_ti61fix5.test.tsx > Routing FIXED5 > in-app Back from a cold deep-link falls back to home 398ms
 ✓ src/__tests__/_ti61fix5.test.tsx > Routing FIXED5 > creating a note navigates to it and Back does not recreate it 555ms
 ✓ src/__tests__/_ti61load9.test.tsx > Routing ASIS9 > opening a note pushes a /notes/:id URL 924ms
 ✓ src/__tests__/_ti61fix4.test.tsx > Routing FIXED4 > opening a note pushes a /notes/:id URL 970ms
 ✓ src/__tests__/_ti61load9.test.tsx > Routing ASIS9 > Back returns to the home screen 1362ms
 ✓ src/__tests__/_ti61fix4.test.tsx > Routing FIXED4 > Back returns to the home screen 1410ms
 ✓ src/__tests__/_ti61load9.test.tsx > Routing ASIS9 > Forward reopens the note 1051ms
 ✓ src/__tests__/_ti61load9.test.tsx > Routing ASIS9 > deep-linking /notes/:id loads the note directly 181ms
 ✓ src/__tests__/_ti61load9.test.tsx > Routing ASIS9 > in-app Back from a cold deep-link falls back to home 526ms
 ✓ src/__tests__/_ti61load9.test.tsx > Routing ASIS9 > creating a note navigates to it and Back does not recreate it 368ms
 ✓ src/__tests__/_ti61fix4.test.tsx > Routing FIXED4 > Forward reopens the note 988ms
 ✓ src/__tests__/_ti61fix4.test.tsx > Routing FIXED4 > deep-linking /notes/:id loads the note directly 80ms
 ✓ src/__tests__/_ti61fix4.test.tsx > Routing FIXED4 > in-app Back from a cold deep-link falls back to home 423ms
 ✓ src/__tests__/_ti61fix4.test.tsx > Routing FIXED4 > creating a note navigates to it and Back does not recreate it 699ms
 ✓ src/__tests__/_ti61load2.test.tsx > Routing ASIS2 > opening a note pushes a /notes/:id URL 1122ms
 ✓ src/__tests__/_ti61load2.test.tsx > Routing ASIS2 > Back returns to the home screen 1253ms
 ✓ src/__tests__/_ti61load2.test.tsx > Routing ASIS2 > Forward reopens the note 874ms
 ✓ src/__tests__/_ti61load2.test.tsx > Routing ASIS2 > deep-linking /notes/:id loads the note directly 72ms
 ✓ src/__tests__/_ti61load2.test.tsx > Routing ASIS2 > in-app Back from a cold deep-link falls back to home 469ms
 ✓ src/__tests__/_ti61load2.test.tsx > Routing ASIS2 > creating a note navigates to it and Back does not recreate it 385ms

⎯⎯⎯⎯⎯⎯⎯ Failed Tests 3 ⎯⎯⎯⎯⎯⎯⎯

 FAIL  src/__tests__/_ti61probe.test.tsx > TI-61 v3 arm=poll: waitFor on window.location.pathname after back
Error: TI61V3 arm=poll backWait=165
 ❯ src/__tests__/_ti61probe.test.tsx:61:11
     59|     await waitFor(() => expect(window.location.pathname).toBe('/w/__de…
     60|     const poll = performance.now() - t
     61|     throw new Error(`TI61V3 arm=poll backWait=${ms(poll)}`)
       |           ^
     62|   },
     63|   BUDGET,

⎯⎯⎯⎯⎯⎯⎯⎯⎯⎯⎯⎯⎯⎯⎯⎯⎯⎯⎯⎯⎯⎯⎯⎯[1/3]⎯

 FAIL  src/__tests__/_ti61probe.test.tsx > TI-61 v3 arm=mutation: findByTestId(home-view) after back, and is pathname already right
Error: TI61V3 arm=mutation backWait=199 pathAtSignal=/w/__default__ safe=true
 ❯ src/__tests__/_ti61probe.test.tsx:75:11
     73|     const mut = performance.now() - t
     74|     const pathAtSignal = window.location.pathname
     75|     throw new Error(
       |           ^
     76|       `TI61V3 arm=mutation backWait=${ms(mut)} pathAtSignal=${pathAtSi…
     77|         `safe=${pathAtSignal === '/w/__default__'}`,

⎯⎯⎯⎯⎯⎯⎯⎯⎯⎯⎯⎯⎯⎯⎯⎯⎯⎯⎯⎯⎯⎯⎯⎯[2/3]⎯

 FAIL  src/__tests__/_ti61probe.test.tsx > TI-61 v3 arm=forward: findByTestId(note-title-input) after forward, and is pathname already right
Error: TI61V3 arm=forward fwdWait=308 pathAtSignal=/w/__default__/notes/note-1 safe=true
 ❯ src/__tests__/_ti61probe.test.tsx:94:11
     92|     const mut = performance.now() - t
     93|     const pathAtSignal = window.location.pathname
     94|     throw new Error(
       |           ^
     95|       `TI61V3 arm=forward fwdWait=${ms(mut)} pathAtSignal=${pathAtSign…
     96|         `safe=${pathAtSignal === '/w/__default__/notes/note-1'}`,

⎯⎯⎯⎯⎯⎯⎯⎯⎯⎯⎯⎯⎯⎯⎯⎯⎯⎯⎯⎯⎯⎯⎯⎯[3/3]⎯


 Test Files  1 failed | 20 passed (21)
      Tests  3 failed | 120 passed (123)
   Start at  21:56:04
   Duration  324.32s (transform 38.82s, setup 185.61s, import 128.04s, tests 117.13s, environment 177.32s)

VITEST_EXIT=1
POST vitest_suites=0 vitest_procs=0 dotnet_procs=0 load1=23.42 ratio1=1.46 load5=17.92 ratio5=1.12
RUN-ENDED 22:01:29
